Copyright 1986-2018 Xilinx, Inc. All Rights Reserved.
---------------------------------------------------------------------------------------------------
| Tool Version : Vivado v.2018.2 (win64) Build 2258646 Thu Jun 14 20:03:12 MDT 2018
| Date         : Tue Oct 31 01:17:31 2023
| Host         : MISFORTUNE running 64-bit major release  (build 9200)
| Command      : report_control_sets -verbose -file INTEGRATOR_PLACEHOLDER_control_sets_placed.rpt
| Design       : INTEGRATOR_PLACEHOLDER
| Device       : xc7a35t
---------------------------------------------------------------------------------------------------

Control Set Information

Table of Contents
-----------------
1. Summary
2. Histogram
3. Flip-Flop Distribution
4. Detailed Control Set Information

1. Summary
----------

+----------------------------------------------------------+-------+
|                          Status                          | Count |
+----------------------------------------------------------+-------+
| Number of unique control sets                            |    37 |
| Unused register locations in slices containing registers |    92 |
+----------------------------------------------------------+-------+


2. Histogram
------------

+--------+--------------+
| Fanout | Control Sets |
+--------+--------------+
|      2 |            1 |
|      8 |            4 |
|     10 |            1 |
|     12 |            4 |
|     14 |            2 |
|    16+ |           25 |
+--------+--------------+


3. Flip-Flop Distribution
-------------------------

+--------------+-----------------------+------------------------+-----------------+--------------+
| Clock Enable | Synchronous Set/Reset | Asynchronous Set/Reset | Total Registers | Total Slices |
+--------------+-----------------------+------------------------+-----------------+--------------+
| No           | No                    | No                     |             388 |           70 |
| No           | No                    | Yes                    |             118 |           19 |
| No           | Yes                   | No                     |             356 |           55 |
| Yes          | No                    | No                     |             484 |           90 |
| Yes          | No                    | Yes                    |              42 |            6 |
| Yes          | Yes                   | No                     |             376 |           68 |
+--------------+-----------------------+------------------------+-----------------+--------------+


4. Detailed Control Set Information
-----------------------------------

+------------------+--------------------------------------------------------------------+--------------------------------------------------------------+------------------+----------------+
|   Clock Signal   |                            Enable Signal                           |                       Set/Reset Signal                       | Slice Load Count | Bel Load Count |
+------------------+--------------------------------------------------------------------+--------------------------------------------------------------+------------------+----------------+
| ~clk_6p25M_BUFG  |                                                                    |                                                              |                1 |              2 |
|  clock_IBUF_BUFG |                                                                    | mousectl_inst/Inst_Ps2Interface/data_inter0                  |                1 |              8 |
|  clock_IBUF_BUFG | sw_IBUF[0]                                                         | circle_top_inst/discombobulator_inst/c4[18]_i_1_n_0          |                3 |              8 |
|  clock_IBUF_BUFG | mousectl_inst/Inst_Ps2Interface/shift_frame                        | mousectl_inst/Inst_Ps2Interface/reset_bit_count              |                2 |              8 |
|  clock_IBUF_BUFG |                                                                    | mousectl_inst/Inst_Ps2Interface/clk_inter0                   |                1 |              8 |
|  clock_IBUF_BUFG | mousectl_inst/Inst_Ps2Interface/left_down_reg                      | btnC_IBUF                                                    |                2 |             10 |
|  clock_IBUF_BUFG | circle_top_inst/circle_generator_inst/dist_calc_inst/E[0]          | circle_top_inst/circle_generator_inst/c_4_reg[0]_0           |                3 |             12 |
|  clock_IBUF_BUFG | circle_top_inst/circle_generator_inst/dist_calc_inst/r_3_reg[0][0] | circle_top_inst/circle_generator_inst/c_4_reg[0]_0           |                3 |             12 |
|  clock_IBUF_BUFG | circle_top_inst/circle_generator_inst/dist_calc_inst/r_2_reg[0][0] | circle_top_inst/circle_generator_inst/c_4_reg[0]_0           |                2 |             12 |
|  clock_IBUF_BUFG | circle_top_inst/circle_generator_inst/dist_calc_inst/r_4_reg[0][0] | circle_top_inst/circle_generator_inst/c_4_reg[0]_0           |                2 |             12 |
|  clock_IBUF_BUFG | mousectl_inst/Inst_Ps2Interface/delay_63clk_count[6]_i_2_n_0       | mousectl_inst/Inst_Ps2Interface/delay_63clk_count[6]_i_1_n_0 |                2 |             14 |
|  clock_IBUF_BUFG | mousectl_inst/Inst_Ps2Interface/err_reg_0                          |                                                              |                3 |             14 |
|  clock_IBUF_BUFG | mousectl_inst/Inst_Ps2Interface/y_inc_reg[0][0]                    | btnC_IBUF                                                    |                2 |             16 |
|  clock_IBUF_BUFG | sw_IBUF[0]                                                         | circle_top_inst/discombobulator_inst/disco_data[15]_i_1_n_0  |                2 |             16 |
|  clock_IBUF_BUFG | mousectl_inst/tx_data[7]_i_1_n_0                                   |                                                              |                3 |             16 |
|  clock_IBUF_BUFG | mousectl_inst/Inst_Ps2Interface/load_rx_data                       |                                                              |                1 |             16 |
|  clock_IBUF_BUFG | mousectl_inst/Inst_Ps2Interface/E[0]                               | btnC_IBUF                                                    |                2 |             16 |
|  clock_IBUF_BUFG | mousectl_inst/Inst_Ps2Interface/frame[9]_i_1_n_0                   |                                                              |                2 |             20 |
|  clock_IBUF_BUFG | mousectl_inst/Inst_Ps2Interface/delay_20us_count[10]_i_2_n_0       | mousectl_inst/Inst_Ps2Interface/delay_20us_count[10]_i_1_n_0 |                4 |             22 |
|  clock_IBUF_BUFG | mousectl_inst/x_new_reg_n_0                                        |                                                              |                3 |             24 |
|  clock_IBUF_BUFG | mousectl_inst/y_new_reg_n_0                                        |                                                              |                4 |             24 |
|  clock_IBUF_BUFG |                                                                    | circle_top_inst/circle_generator_inst/c_4_reg[0]_0           |                7 |             26 |
|  clock_IBUF_BUFG |                                                                    | mousectl_inst/SS[0]                                          |                4 |             26 |
|  clock_IBUF_BUFG | sw_IBUF[0]                                                         | circle_top_inst/discombobulator_inst/c2[16]_i_1_n_0          |                4 |             26 |
|  clock_IBUF_BUFG | mousectl_inst/Inst_Ps2Interface/delay_100us_count[0]_i_2_n_0       | mousectl_inst/Inst_Ps2Interface/clear                        |                4 |             28 |
| ~clk_6p25M_BUFG  |                                                                    | btnC_IBUF                                                    |                5 |             34 |
| ~clk_6p25M_BUFG  | oled_display_inst/delay[0]_i_1_n_0                                 | btnC_IBUF                                                    |                5 |             40 |
|  clock_IBUF_BUFG |                                                                    | mousectl_inst/reset_timeout_cnt_reg_n_0                      |                5 |             48 |
|  clock_IBUF_BUFG |                                                                    | mousectl_inst/reset_periodic_check_cnt__0                    |                6 |             52 |
| ~clk_6p25M_BUFG  | oled_display_inst/state                                            | btnC_IBUF                                                    |               10 |             64 |
|  clock_IBUF_BUFG |                                                                    | clk_6p25M_inst/clear                                         |                8 |             64 |
| ~clk_6p25M_BUFG  |                                                                    | oled_display_inst/spi_word[39]_i_1_n_0                       |               18 |             90 |
|  clock_IBUF_BUFG | circle_top_inst/circle_generator_inst/c_2[10]_i_2_n_0              | circle_top_inst/circle_generator_inst/c_4_reg[0]_0           |               22 |            102 |
|  clock_IBUF_BUFG |                                                                    | btnC_IBUF                                                    |               19 |            118 |
|  clock_IBUF_BUFG | circle_top_inst/circle_generator_inst/dist_1                       |                                                              |               21 |            138 |
|  clock_IBUF_BUFG | sw_IBUF[0]                                                         |                                                              |               53 |            232 |
|  clock_IBUF_BUFG |                                                                    |                                                              |               69 |            386 |
+------------------+--------------------------------------------------------------------+--------------------------------------------------------------+------------------+----------------+


