#-----------------------------------------------------------
# Vivado v2018.2 (64-bit)
# SW Build 2258646 on Thu Jun 14 20:03:12 MDT 2018
# IP Build 2256618 on Thu Jun 14 22:10:49 MDT 2018
# Start of session at: Wed Oct 25 12:46:17 2023
# Process ID: 8424
# Current directory: D:/NUS/Vivado/Project/CAPTCHA_CIRCLES
# Command line: vivado.exe -gui_launcher_event rodinguilauncherevent16700 D:\NUS\Vivado\Project\CAPTCHA_CIRCLES\CAPTCHA_CIRCLES.xpr
# Log file: D:/NUS/Vivado/Project/CAPTCHA_CIRCLES/vivado.log
# Journal file: D:/NUS/Vivado/Project/CAPTCHA_CIRCLES\vivado.jou
#-----------------------------------------------------------
start_gui
open_project D:/NUS/Vivado/Project/CAPTCHA_CIRCLES/CAPTCHA_CIRCLES.xpr
reset_run synth_1
launch_runs impl_1 -to_step write_bitstream -jobs 2
wait_on_run impl_1
open_hw
connect_hw_server
open_hw_target
set_property PROGRAM.FILE {D:/NUS/Vivado/Project/CAPTCHA_CIRCLES/CAPTCHA_CIRCLES.runs/impl_1/CIRCLE_TOP.bit} [get_hw_devices xc7a35t_0]
current_hw_device [get_hw_devices xc7a35t_0]
refresh_hw_device -update_hw_probes false [lindex [get_hw_devices xc7a35t_0] 0]
set_property PROBES.FILE {} [get_hw_devices xc7a35t_0]
set_property FULL_PROBES.FILE {} [get_hw_devices xc7a35t_0]
set_property PROGRAM.FILE {D:/NUS/Vivado/Project/CAPTCHA_CIRCLES/CAPTCHA_CIRCLES.runs/impl_1/CIRCLE_TOP.bit} [get_hw_devices xc7a35t_0]
program_hw_devices [get_hw_devices xc7a35t_0]
refresh_hw_device [lindex [get_hw_devices xc7a35t_0] 0]
disconnect_hw_server localhost:3121
connect_hw_server
disconnect_hw_server localhost:3121
connect_hw_server
open_hw_target
set_property PROGRAM.FILE {D:/NUS/Vivado/Project/CAPTCHA_CIRCLES/CAPTCHA_CIRCLES.runs/impl_1/CIRCLE_TOP.bit} [get_hw_devices xc7a35t_0]
current_hw_device [get_hw_devices xc7a35t_0]
refresh_hw_device -update_hw_probes false [lindex [get_hw_devices xc7a35t_0] 0]
